// Jest Snapshot v1, https://goo.gl/fbAQLP

exports[`login page renders correctly 1`] = `
<main
  className="container"
>
  <div
    className="content"
  >
    <h1
      className="content__title"
    >
      Track.it
    </h1>
    <div
      className="content__input"
    >
      <span>
        Enter your name
      </span>
      <input
        data-testid="input"
        onChange={[Function]}
        type="text"
      />
      <p
        className="hidden"
      >
        Please provide a name to login
      </p>
      <input
        data-testid="login"
        onClick={[Function]}
        type="submit"
        value="Login"
      />
    </div>
  </div>
</main>
`;
