// Jest Snapshot v1, https://goo.gl/fbAQLP

exports[`navbar component renders correctly 1`] = `
<nav
  className="container"
>
  <h1>
    Track.it
  </h1>
</nav>
`;
